✔ Frozen manifest and every raw byte: CRLF, missing/extra files and manifest mutation (4.469ms)
✔ Bundle directive grammar, deduplication, file order, line preservation and raw receipt sensitivity (1.2832ms)
✔ Current C# pass binds exact input order/SHA and invocation typed args; compile/entries never count (3.004ms)
✔ Receipt hashes exact independent-dispatcher dependencies; migration tools are not execution globals (0.7724ms)
✔ Native receipt with unchanged bundle is historical after dispatcher or pinned archive changes (4.9859ms)
✔ Native selected IDs missing from current catalog never bypass the receipt through a matching bundle (0.4443ms)
✔ Removed catalog results keep raw receipt identity and status as historical evidence only (1.0512ms)
✔ Unlinked infrastructure receipts remain in history without granting original-source coverage (1.4119ms)
✔ Stored framework source review becomes stale after runner edits; its hashes are never rebound (1.1922ms)
✔ Async phases enforce same run identity, final poll, required cleanup and project (0.4069ms)
✔ Node current selected receipt required; historical pass and diagnostics never certify regression (1.0349ms)
✔ Latest same-source failure/SKIP/uncertain overrides green, historical failure does not (0.1372ms)
✔ Custom Player facts require both exact native bundle and global receipt; SKIP before input overrides (0.9618ms)
✔ All declared support hash formats, additionalDependenciesSha, source gaps and pending separated (2.653ms)
✔ ONLY four restored B files superseded; DocumentRelease distinct subsets and gaps retained (1.3672ms)
✔ Missing parent audit/report races never grant coverage; inventory emits concrete current runtime (1.3311ms)
✔ PSD custom input SHA, global receipt, producer/decoder receipts and installed module bytes required (0.8184ms)
✔ Fault native GUID fixture supersedes registered global import fixture after install/both bodies/removal proof (4.5046ms)
✔ Recovery-only JSON never promotes a failed current run to runtime pass (0.0955ms)
✔ Generic public-helper entry labels do not reclassify real regressions; explicit manual setup stays separate (1.5329ms)
✔ Source mutation during binding, even reverted, requires a freeze instead of fresh green (0.7885ms)
✔ Archive descriptor race revokes source freeze even without a runtime report (0.6455ms)
✔ Unordered current evidence is conservative, not a reason to resurrect an older green (0.0721ms)
✔ Unavailable named historical input artefacts are external, not missing code (0.1308ms)
✔ Unverified manual screenshot/state and current-receipt binding are pending, never code omission (0.095ms)
✔ Already-integrated append metadata remains an owner-update pending claim with original provenance (0.9359ms)
✔ Actual missing predicates/branches/cleanup/public modes cannot fall through softer pending/external/manual labels (0.085ms)
✔ Retained original ContextTools failure and unreached tail remain explicit runtime blockers, not missing code (0.6569ms)
✔ Explicit current parent combined source review supersedes ONLY exact obsolete B row, with no runtime inference (4.1416ms)
✔ Combined source policy rejects absent/malformed/partial/stale/wrong-owner/overbroad handoffs without relaxing source gaps (17.3791ms)
✔ Combined DocRelease source review never substitutes Fault PASS or cleanup-only Player for actual Player PASS (5.3423ms)
✔ Retired absent-catalog global fixture IDs require explicit combined source handoff plus current native Fault proof (3.8005ms)
✔ Already-integrated structured parent combined declaration requires explicit full read and exact obsolete B SHA (5.8927ms)
✔ Gradient helpers receive raw current same-GUID phase coverage, NEVER standalone/regression PASS credit (10.4719ms)
✔ Gradient phase proof rejects sidecar/metadata alone (1.7664ms)
✔ Gradient phase proof rejects wrong typed GUID (2.2999ms)
✔ Gradient phase proof rejects different End GUID (2.0329ms)
✔ Gradient phase proof rejects wrong entry (2.0698ms)
✔ Gradient phase proof rejects wrong argv (2.072ms)
✔ Gradient phase proof rejects wrong native input (2.3602ms)
✔ Gradient phase proof rejects wrong project (2.0097ms)
✔ Gradient phase proof rejects native transport timeout (2.1971ms)
✔ Gradient phase proof rejects compile error (2.0914ms)
✔ Gradient phase proof rejects Begin fake pass (2.0346ms)
✔ Gradient phase proof rejects no real reload marker (1.8011ms)
✔ Gradient phase proof rejects old AppDomain callback retained (2.2745ms)
✔ Gradient phase proof rejects two native requests (1.8657ms)
✔ Gradient phase proof rejects no requested compilation (2.1483ms)
✔ Gradient phase proof rejects terminal native compiler error (2.0481ms)
✔ Gradient phase proof rejects coerced native marker type (2.3277ms)
✔ Gradient phase proof rejects native call during observed compilation (2.1017ms)
✔ Gradient phase proof rejects repeated Trigger (2.1678ms)
✔ Gradient phase proof rejects no terminal reload (2.1956ms)
✔ Gradient phase proof rejects End before reload (1.7977ms)
✔ Gradient phase proof rejects missing final Cleanup (2.0323ms)
✔ Gradient phase proof rejects cleanup failure (1.9771ms)
✔ Gradient phase proof rejects native summary contradicts raw reply (2.096ms)
✔ Gradient phase proof rejects retained temporary input (2.0531ms)
✔ Gradient phase proof rejects suppressed cleanup flag (2.0739ms)
✔ Gradient phase proof rejects malformed cleanup flag (1.8482ms)
✔ Gradient phase proof rejects malformed native recovery flag (2.175ms)
✔ Gradient phase proof rejects stale input SHA (1.4543ms)
✔ Gradient phase proof rejects reordered bundle sources (1.583ms)
✔ Gradient phase proof rejects stale global selected receipt (1.4574ms)
✔ Gradient phase proof rejects stale within-workflow review (2.0057ms)
✔ Gradient phase proof rejects recovery debt (1.5496ms)
✔ Gradient phase proof rejects duplicate wrapper result (1.9244ms)
✔ Gradient phase proof rejects incomplete report (1.3889ms)
✔ Gradient phase proof rejects compile action (1.426ms)
✔ Gradient phase proof rejects missing End oracle assertion (2.1954ms)
✔ Gradient raw Node marker is mandatory; changing copied facts cannot promote helper phases (0.7497ms)
✔ Gradient omitted suppression flag matches native successful wire shape, but NEVER substitutes actual Cleanup (2.3776ms)
✔ Gradient exact post-trigger observed-compilation read-only reconnect is not native proof by itself (3.9312ms)
✔ Gradient latest current FAIL/SKIP/uncertain/incomplete phases block earlier green, including timestamp ties (10.473ms)
✔ Gradient phase credit needs complete current source review and unchanged paired catalog contract (13.1502ms)
✔ Gradient source/report races revoke phase coverage; diagnostics and unrelated rows remain distinct (5.3365ms)
✔ only Image changed; other oracle authentication/assertion paths and shared fixture frozen (0.332ms)
✔ artifact JSON uses explicit public token objects, never interpreted DTO serialization (0.1124ms)
✔ capture is limited to current scope identity, GUID outputs and non-linked paths (0.0959ms)
✔ output bytes captured before delegate returns and owned disposal; status JSON parsed afterward (0.0649ms)
✔ failed body/assertion/capture/cleanup responses pass through; only skipped gets artifacts (0.0876ms)
ℹ tests 81
ℹ suites 0
ℹ pass 81
ℹ fail 0
ℹ cancelled 0
ℹ skipped 0
ℹ todo 0
ℹ duration_ms 214.6985
